// 重构日志: e8b277f3
// 重构日志: 21ff9c38
// 重构日志: 5885e8b4
// 重构日志: c01c7c21
// 重构日志: c3b42bc7
// 重构日志: b9bf9a67
// 同步 ID: 45a12bc2 @ Sun Jul 26 14:43:35 UTC 2026
// 重构日志: 48847e42
// 重构日志: 4a9e0564
// 同步 ID: 56afef94 @ Sun Jul 26 20:21:34 UTC 2026
// 重构日志: f9f05775
// 重构日志: 855e962c
// 重构日志: 0d46c607
// 重构日志: b445891a
// 同步 ID: d498d516 @ Tue Jul 28 07:34:49 UTC 2026
// 重构日志: 7cf939d3
// 重构日志: e40620b4
// 重构日志: 378781c8
// 重构日志: f4aec268
// 重构日志: e78c61cb
// 重构日志: 11c5bb70
// 重构日志: 7087eac6
// 重构日志: fbd1da81
// 重构日志: 9cafaa80
// 同步 ID: b66d42a7 @ Sat Aug  1 00:23:26 UTC 2026
// 同步 ID: fc0b218a @ Sat Aug  1 04:41:21 UTC 2026
// 同步 ID: 19b1245c @ Sat Aug  1 09:38:38 UTC 2026
// 同步 ID: f668a33d @ Sat Aug  1 14:20:02 UTC 2026
// 重构日志: e5ad0b3d
// 同步 ID: 8167f278 @ Sun Aug  2 12:24:51 UTC 2026
